// Jest Snapshot v1, https://goo.gl/fbAQLP

exports[`<DialogModal /> UI snapshots renders dialog modal with custom color 1`] = `
.emotion-0 {
  position: fixed;
  top: 0;
  right: 0;
  bottom: 0;
  left: 0;
  z-index: 999999;
  background-color: rgba(45, 45, 48, 0.7);
  -webkit-transition: opacity 250ms cubic-bezier(0.075, 0.82, 0.165, 1);
  transition: opacity 250ms cubic-bezier(0.075, 0.82, 0.165, 1);
}

.emotion-0.entering,
.emotion-0.exiting,
.emotion-0.exited {
  opacity: 0;
}

.emotion-0.entered {
  opacity: 1;
}

@media (min-width: 768px) {
  .emotion-0 {
    display: -webkit-box;
    display: -webkit-flex;
    display: -ms-flexbox;
    display: flex;
    -webkit-box-flex-flow: row nowrap;
    -webkit-flex-flow: row nowrap;
    -ms-flex-flow: row nowrap;
    flex-flow: row nowrap;
    -webkit-box-pack: center;
    -ms-flex-pack: center;
    -webkit-justify-content: center;
    justify-content: center;
    -webkit-align-items: center;
    -webkit-box-align: center;
    -ms-flex-align: center;
    align-items: center;
  }
}

.emotion-2 {
  width: 100%;
  margin: 0 auto;
  position: absolute;
  bottom: 0;
  left: 0;
  right: 0;
  border-top-left-radius: 32px;
  border-top-right-radius: 32px;
  box-shadow: 0px -8px 24px rgba(52, 51, 82, 0.05);
  background: #F8F8FA;
  padding: 3.5rem 1.5rem 2rem;
  overflow-y: auto;
  max-height: 100%;
  -webkit-transition: -webkit-transform 250ms cubic-bezier(0.075, 0.82, 0.165, 1);
  transition: transform 250ms cubic-bezier(0.075, 0.82, 0.165, 1);
}

.emotion-2.entered {
  -webkit-transform: translateY(0%);
  -moz-transform: translateY(0%);
  -ms-transform: translateY(0%);
  transform: translateY(0%);
}

.emotion-2.entering,
.emotion-2.exiting,
.emotion-2.exited {
  -webkit-transform: translateY(100%);
  -moz-transform: translateY(100%);
  -ms-transform: translateY(100%);
  transform: translateY(100%);
}

@media (min-width: 576px) {
  .emotion-2 {
    max-height: 700px;
  }
}

@media (min-width: 768px) {
  .emotion-2 {
    position: relative;
    width: 456px;
    border-radius: 8px;
    padding: 3.5rem;
  }

  .emotion-2.entering,
  .emotion-2.exiting,
  .emotion-2.exited {
    -webkit-transform: translateY(40%);
    -moz-transform: translateY(40%);
    -ms-transform: translateY(40%);
    transform: translateY(40%);
  }
}

.emotion-4 {
  position: absolute;
  top: 8px;
  right: 12px;
  z-index: 2000;
  width: 40px;
  height: 40px;
  border-radius: 50%;
  background: #F8F8FA;
  display: -webkit-box;
  display: -webkit-flex;
  display: -ms-flexbox;
  display: flex;
  -webkit-box-flex-flow: row nowrap;
  -webkit-flex-flow: row nowrap;
  -ms-flex-flow: row nowrap;
  flex-flow: row nowrap;
  -webkit-box-pack: center;
  -ms-flex-pack: center;
  -webkit-justify-content: center;
  justify-content: center;
  -webkit-align-items: center;
  -webkit-box-align: center;
  -ms-flex-align: center;
  align-items: center;
  pointer-events: auto;
  cursor: pointer;
}

@media (min-width: 768px) {
  .emotion-4 {
    top: 16px;
    right: 16px;
  }
}

.emotion-4:focus {
  outline: none;
  box-shadow: 0px 0px 0px 2px #FFFFFF,0px 0px 0px 4px #332E54;
}

.emotion-6 {
  display: block;
  -webkit-transform: rotate(0deg);
  -moz-transform: rotate(0deg);
  -ms-transform: rotate(0deg);
  transform: rotate(0deg);
  -webkit-transition: color 350ms,-webkit-transform 350ms;
  transition: color 350ms,transform 350ms;
}

.emotion-7 {
  margin-bottom: 1.5rem;
}

.emotion-7:last-of-type {
  margin-bottom: 2rem;
}

<div
  id="reactPortalSection"
>
  <div
    class="entering emotion-0 emotion-1"
  >
    <span
      data-focus-scope-start="true"
      hidden=""
    />
    <div
      class="entering emotion-2 emotion-3"
      role="alertdialog"
      tabindex="-1"
    >
      <div
        aria-label="Close modal"
        class="emotion-4 emotion-5"
        role="button"
        tabindex="0"
      >
        <svg
          class="emotion-6"
          fill="none"
          height="16"
          viewBox="0 0 16 16"
          width="16"
          xmlns="http://www.w3.org/2000/svg"
        >
          <path
            d="m16.01.93-.89-.88-7.11 7.1L.91.05.02.93l7.11 7.11-7.11 7.11.89.88 7.1-7.11 7.11 7.11.89-.88L8.9 8.04 16.01.93Z"
            fill="currentColor"
          />
        </svg>
      </div>
      <div>
        <p
          class="emotion-7 emotion-8"
        >
          Dialog Modal Children Content
        </p>
      </div>
    </div>
    <span
      data-focus-scope-end="true"
      hidden=""
    />
  </div>
</div>
`;
