// Jest Snapshot v1, https://goo.gl/fbAQLP

exports[`<LinkButton/> UI snapshots renders with props 1`] = `
.emotion-0 {
  color: #524D6E;
  font-size: 0.75rem;
  line-height: 1.67;
  font-weight: bold;
  letter-spacing: 1px;
  text-transform: uppercase;
  -webkit-appearance: none;
  -moz-appearance: none;
  -ms-appearance: none;
  appearance: none;
  border-radius: 4px;
  border-style: solid;
  border-width: 1px;
  cursor: pointer;
  display: block;
  margin: 0;
  min-height: 52px;
  opacity: 1;
  padding: 0 1.5rem;
  position: relative;
  -webkit-transition: all 350ms ease-in-out;
  transition: all 350ms ease-in-out;
  -webkit-text-decoration: none;
  text-decoration: none;
  background-color: #332E54;
  border-color: #332E54;
  color: #FFFFFF;
  fill: #FFFFFF;
  min-width: 208px;
  max-width: 325px;
  width: -webkit-max-content;
  width: -moz-max-content;
  width: max-content;
}

.emotion-0:hover {
  -webkit-transition: all 350ms ease-in-out;
  transition: all 350ms ease-in-out;
}

.emotion-0:active,
.emotion-0:focus {
  outline: none;
  box-shadow: 0px 0px 0px 2px #FFFFFF,0px 0px 0px 4px #332E54;
}

.emotion-0:visited,
.emotion-0:hover {
  opacity: 0.8;
}

.emotion-0:focus,
.emotion-0:not([href]):not([tabindex]):hover,
.emotion-0:not([href]):not([tabindex]):focus {
  color: #FFFFFF;
}

.emotion-1 {
  -webkit-align-items: center;
  -webkit-box-align: center;
  -ms-flex-align: center;
  align-items: center;
  display: -webkit-box;
  display: -webkit-flex;
  display: -ms-flexbox;
  display: flex;
  height: 100%;
  -webkit-box-pack: center;
  -ms-flex-pack: center;
  -webkit-justify-content: center;
  justify-content: center;
  padding: 1rem 0;
  -webkit-transition: -webkit-transform 350ms;
  transition: transform 350ms;
  width: 100%;
  -webkit-transform: translateX(0);
  -moz-transform: translateX(0);
  -ms-transform: translateX(0);
  transform: translateX(0);
}

.emotion-1>svg {
  opacity: 1;
  -webkit-transition: opacity 350ms;
  transition: opacity 350ms;
  margin-right: 1rem;
  margin-top: -5px;
}

.emotion-3 {
  line-height: 1.5;
  margin: 0;
  padding-top: 2px;
}

<a
  class="emotion-0"
  href="#"
>
  <div
    class="emotion-1 emotion-2"
  >
    <span
      class="emotion-3 emotion-4"
    >
      Click me!
    </span>
  </div>
</a>
`;
