// Jest Snapshot v1, https://goo.gl/fbAQLP

exports[`<FadeInContainer /> UI snapshot renders with default props 1`] = `
@keyframes animation-0 {
  0% {
    opacity: 0;
  }

  100% {
    opacity: 1;
  }
}

.emotion-0 {
  -webkit-animation: animation-0 350ms ease-in-out;
  animation: animation-0 350ms ease-in-out;
}

<div
  class="emotion-0 emotion-1"
>
  Default Props example
</div>
`;

exports[`<FadeInContainer /> UI snapshot renders with slide and speed props set 1`] = `
@keyframes animation-0 {
  0% {
    -webkit-transform: translateY(-10%);
    -moz-transform: translateY(-10%);
    -ms-transform: translateY(-10%);
    transform: translateY(-10%);
    opacity: 0;
  }

  25% {
    opacity: 0;
  }

  100% {
    -webkit-transform: translateY(0%);
    -moz-transform: translateY(0%);
    -ms-transform: translateY(0%);
    transform: translateY(0%);
    opacity: 1;
  }
}

.emotion-0 {
  -webkit-animation: animation-0 500ms ease-in-out;
  animation: animation-0 500ms ease-in-out;
}

<div
  class="emotion-0 emotion-1"
>
  FadeInContainer Content Here
</div>
`;
