// Jest Snapshot v1, https://goo.gl/fbAQLP

exports[`<MobileDropdown /> UI snapshots renders correctly 1`] = `
.emotion-0 {
  position: relative;
  width: 100%;
  text-align: left;
}

.emotion-0>div:first-of-type:focus {
  outline: none;
}

.emotion-2 {
  -webkit-appearance: none;
  -moz-appearance: none;
  -ms-appearance: none;
  appearance: none;
  box-shadow: 0px 8px 24px rgba(52, 51, 82, 0.05);
  background: #FFFFFF;
  background-image: none;
  width: 100%;
  min-height: 3.5rem;
  max-height: 3.5rem;
  border: 1px solid #EDEDF0;
  border-radius: 4px;
  color: #524D6E;
  line-height: 3.5rem;
  overflow: hidden;
  text-overflow: ellipsis;
  white-space: nowrap;
  padding: 0 2rem 0 1rem;
  text-align: left;
  -webkit-text-align-last: left;
  text-align-last: left;
  -webkit-transition: 200ms ease-in-out;
  transition: 200ms ease-in-out;
  cursor: pointer;
}

.emotion-2:hover {
  box-shadow: 0px 8px 24px rgba(52, 51, 82, 0.10);
  -webkit-transition: 200ms ease-in-out;
  transition: 200ms ease-in-out;
}

.emotion-2:focus {
  outline: none;
  box-shadow: 0px 8px 24px rgba(52, 51, 82, 0.10);
  -webkit-transition: 200ms ease-in-out;
  transition: 200ms ease-in-out;
}

.emotion-2::-moz-focus-inner {
  border: 0;
}

.emotion-3 {
  position: absolute;
  right: 0;
  top: 0;
  bottom: 0;
  width: 1.5rem;
  height: 100%;
  display: -webkit-box;
  display: -webkit-flex;
  display: -ms-flexbox;
  display: flex;
  -webkit-align-items: center;
  -webkit-box-align: center;
  -ms-flex-align: center;
  align-items: center;
  -webkit-box-pack: start;
  -ms-flex-pack: start;
  -webkit-justify-content: start;
  justify-content: start;
}

.emotion-3:hover {
  cursor: pointer;
}

.emotion-3 svg {
  -webkit-transition: -webkit-transform 350ms ease-in-out;
  transition: transform 350ms ease-in-out;
}

.emotion-5 {
  display: block;
  -webkit-transform: rotate(0deg);
  -moz-transform: rotate(0deg);
  -ms-transform: rotate(0deg);
  transform: rotate(0deg);
  -webkit-transition: color 350ms,-webkit-transform 350ms;
  transition: color 350ms,transform 350ms;
}

<div
  class="emotion-0 emotion-1"
>
  <select
    class="emotion-2"
  >
    <option
      value="test1"
    >
      Test1
    </option>
    <option
      value="test2"
    >
      Test2
    </option>
    <option
      value="test3"
    >
      Test3
    </option>
  </select>
  <div
    class="emotion-3 emotion-4"
  >
    <svg
      class="emotion-5"
      fill="none"
      height="10"
      viewBox="0 0 16 16"
      width="10"
      xmlns="http://www.w3.org/2000/svg"
    >
      <path
        d="M6.88 12.88L6 12l3.55-3.56L6 4.88 6.88 4l4.44 4.44-4.44 4.44z"
        fill="currentColor"
      />
    </svg>
  </div>
</div>
`;
